// Jest Snapshot v1, https://goo.gl/fbAQLP

exports[`OverviewStep.vue renders correctly 1`] = `
<div class="overview-area">
  <div class="overview-area__header"><svg width="77" height="35" viewBox="0 0 77 35" fill="none" xmlns="http://www.w3.org/2000/svg">
      <path d="M58.2774 16.0015L67.1709 24.895L76.0644 16.0015L67.1709 7.10803L58.2774 16.0015Z" fill="#FFC600"></path>
      <path d="M36.1528 26.4872V34.1733H43.839V26.4872H36.1528Z" fill="#00E567"></path>
      <path d="M16.7741 6.11976L22.209 11.5547L27.6439 6.11976L22.209 0.68483L16.7741 6.11976Z" fill="#FF458B"></path>
      <path d="M0 16.5204L0 21.4116H4.89119V16.5204H0Z" fill="#0149FF"></path>
    </svg>
    <h1 class="overview-area__header__title">Welcome</h1> <svg width="77" height="35" viewBox="0 0 77 35" fill="none" xmlns="http://www.w3.org/2000/svg">
      <g clip-path="url(#clip0)">
        <path d="M18.7226 18.9985L9.8291 10.105L0.935606 18.9985L9.8291 27.892L18.7226 18.9985Z" fill="#FFC600"></path>
        <path d="M40.8472 8.51281L40.8472 0.82666L33.161 0.826659L33.161 8.51281L40.8472 8.51281Z" fill="#00E567"></path>
        <path d="M60.2259 28.8802L54.791 23.4453L49.3561 28.8802L54.791 34.3152L60.2259 28.8802Z" fill="#FF458B"></path>
        <path d="M77 18.4796L77 13.5884L72.1088 13.5884L72.1088 18.4796L77 18.4796Z" fill="#0149FF"></path>
      </g>
      <defs>
        <clipPath id="clip0">
          <rect width="77" height="35" fill="white" transform="translate(77 35) rotate(-180)"></rect>
        </clipPath>
      </defs>
    </svg>
  </div>
  <p class="overview-area__subtitle">Let's get you started using Storj DCS</p>
  <p class="overview-area__question">Do you want to use web browser or command-line interface?</p>
  <div class="overview-area__routes">
    <div class="overview-container overview-area__routes__left-cont"><svg width="78" height="64" viewBox="0 0 78 64" fill="none" xmlns="http://www.w3.org/2000/svg" alt="web" class="overview-container__img">
        <path fill-rule="evenodd" clip-rule="evenodd" d="M18.7464 0.0117188H58.8387C65.4086 0.0117188 67.7909 0.695775 70.1928 1.98029C72.5946 3.2648 74.4796 5.14978 75.7641 7.55161L75.8404 7.69573C77.0757 10.0504 77.7327 12.4672 77.7327 18.9057V44.485L77.7318 44.8742C77.7051 51.1502 77.0229 53.4853 75.7641 55.8391C74.4796 58.2409 72.5946 60.1259 70.1928 61.4104C67.8149 62.6821 65.4562 63.3652 59.0346 63.379H18.9423C12.3724 63.379 9.99007 62.6949 7.58823 61.4104C5.1864 60.1259 3.30143 58.2409 2.01691 55.8391L1.94056 55.695C0.717912 53.3643 0.0618076 50.9728 0.0483398 44.6809V18.9057C0.0483398 12.3358 0.732396 9.95345 2.01691 7.55161C3.30143 5.14978 5.1864 3.2648 7.58823 1.98029C9.96605 0.70862 12.3248 0.0254599 18.7464 0.0117188Z" fill="#EAEFF2"></path>
        <mask id="mask0" mask-type="alpha" maskUnits="userSpaceOnUse" x="0" y="20" width="78" height="44">
          <path d="M0.0483398 20.1235H77.7327V44.4849L77.7318 44.8741C77.7051 51.15 77.0229 53.4852 75.7641 55.839C74.4796 58.2408 72.5946 60.1258 70.1928 61.4103C67.8149 62.6819 65.4562 63.3651 59.0346 63.3788H18.9423C12.3724 63.3788 9.99007 62.6948 7.58823 61.4103C5.1864 60.1258 3.30143 58.2408 2.01691 55.839L1.94056 55.6948C0.717912 53.3642 0.0618076 50.9727 0.0483398 44.6807V20.1235Z" fill="white"></path>
        </mask>
        <g mask="url(#mask0)">
          <path d="M0.0483398 20.1235H77.7327V44.4849L77.7318 44.8741C77.7051 51.15 77.0229 53.4852 75.7641 55.839C74.4796 58.2408 72.5946 60.1258 70.1928 61.4103C67.8149 62.6819 65.4562 63.3651 59.0346 63.3788H18.9423C12.3724 63.3788 9.99007 62.6948 7.58823 61.4103C5.1864 60.1258 3.30143 58.2408 2.01691 55.839L1.94056 55.6948C0.717912 53.3642 0.0618076 50.9727 0.0483398 44.6807V20.1235Z" fill="#D1D9DF"></path>
          <path fill-rule="evenodd" clip-rule="evenodd" d="M20.8792 20.1235V63.3789H18.9423C12.3724 63.3789 9.99007 62.6948 7.58823 61.4103C5.1864 60.1258 3.30143 58.2408 2.01691 55.839L1.94056 55.6949C0.717912 53.3642 0.0618076 50.9727 0.0483398 44.6808V20.1235H20.8792Z" fill="#0149FF"></path>
          <path fill-rule="evenodd" clip-rule="evenodd" d="M29.8309 25.4849H67.812C69.4488 25.4849 70.7757 26.8118 70.7757 28.4486V30.8116C70.7757 32.4484 69.4488 33.7753 67.812 33.7753H29.8309C28.1941 33.7753 26.8672 32.4484 26.8672 30.8116V28.4486C26.8672 26.8118 28.1941 25.4849 29.8309 25.4849Z" fill="white"></path>
          <path fill-rule="evenodd" clip-rule="evenodd" d="M29.8309 37.1533H67.812C69.4488 37.1533 70.7757 38.4802 70.7757 40.117V42.48C70.7757 44.1168 69.4488 45.4437 67.812 45.4437H29.8309C28.1941 45.4437 26.8672 44.1168 26.8672 42.48V40.117C26.8672 38.4802 28.1941 37.1533 29.8309 37.1533Z" fill="white"></path>
          <path fill-rule="evenodd" clip-rule="evenodd" d="M29.8309 48.8213H67.812C69.4488 48.8213 70.7757 50.1482 70.7757 51.785V54.148C70.7757 55.7848 69.4488 57.1117 67.812 57.1117H29.8309C28.1941 57.1117 26.8672 55.7848 26.8672 54.148V51.785C26.8672 50.1482 28.1941 48.8213 29.8309 48.8213Z" fill="white"></path>
          <path opacity="0.199481" fill-rule="evenodd" clip-rule="evenodd" d="M6.18736 25.4849H14.6914C16.3282 25.4849 17.6551 26.8118 17.6551 28.4486V28.5087C17.6551 30.1455 16.3282 31.4724 14.6914 31.4724H6.18736C4.56795 31.4724 3.2519 30.1736 3.22408 28.5608L3.22363 28.4486C3.22363 26.8118 4.55054 25.4849 6.18736 25.4849Z" fill="white"></path>
          <path opacity="0.199481" fill-rule="evenodd" clip-rule="evenodd" d="M6.18736 35.311H14.6914C16.3282 35.311 17.6551 36.6379 17.6551 38.2748V38.3348C17.6551 39.9717 16.3282 41.2986 14.6914 41.2986H6.18736C4.56795 41.2986 3.2519 39.9997 3.22408 38.387L3.22363 38.2748C3.22363 36.6379 4.55054 35.311 6.18736 35.311Z" fill="white"></path>
          <path opacity="0.199481" fill-rule="evenodd" clip-rule="evenodd" d="M6.18736 45.1362H14.6914C16.3282 45.1362 17.6551 46.4631 17.6551 48.1V48.16C17.6551 49.7969 16.3282 51.1238 14.6914 51.1238H6.18736C4.56795 51.1238 3.2519 49.8249 3.22408 48.2122L3.22363 48.1C3.22363 46.4631 4.55054 45.1362 6.18736 45.1362Z" fill="white"></path>
        </g>
        <path d="M11.7071 14.481C13.7636 14.481 15.4307 12.8139 15.4307 10.7573C15.4307 8.70083 13.7636 7.03369 11.7071 7.03369C9.65054 7.03369 7.9834 8.70083 7.9834 10.7573C7.9834 12.8139 9.65054 14.481 11.7071 14.481Z" fill="#FF458B"></path>
        <path d="M22.878 14.481C24.9345 14.481 26.6016 12.8139 26.6016 10.7573C26.6016 8.70083 24.9345 7.03369 22.878 7.03369C20.8214 7.03369 19.1543 8.70083 19.1543 10.7573C19.1543 12.8139 20.8214 14.481 22.878 14.481Z" fill="#FFC600"></path>
        <path d="M34.0488 14.481C36.1054 14.481 37.7725 12.8139 37.7725 10.7573C37.7725 8.70083 36.1054 7.03369 34.0488 7.03369C31.9923 7.03369 30.3252 8.70083 30.3252 10.7573C30.3252 12.8139 31.9923 14.481 34.0488 14.481Z" fill="#00E567"></path>
      </svg>
      <h2 class="overview-container__title">Web browser</h2>
      <p class="overview-container__enc">SERVER-SIDE ENCRYPTED</p>
      <p class="overview-container__info">Start uploading files in the browser and instantly see how your data gets distributed over the Storj network around the world.</p>
      <p class="overview-container__encryption-container">By using the web browser you are opting in to server-side encryption.</p>
      <div class="container" style="width: 100%; height: 64px; border-radius: 62px;"><span class="label">CONTINUE IN WEB</span></div>
    </div>
    <div class="overview-container"><svg width="78" height="64" viewBox="0 0 78 64" fill="none" xmlns="http://www.w3.org/2000/svg" alt="cli" class="overview-container__img">
        <path fill-rule="evenodd" clip-rule="evenodd" d="M18.7464 0.0117188H58.8387C65.4086 0.0117188 67.7909 0.695775 70.1928 1.98029C72.5946 3.2648 74.4796 5.14978 75.7641 7.55161L75.8404 7.69573C77.0757 10.0504 77.7327 12.4672 77.7327 18.9057V44.485L77.7318 44.8742C77.7051 51.1502 77.0229 53.4853 75.7641 55.8391C74.4796 58.2409 72.5946 60.1259 70.1928 61.4104C67.8149 62.6821 65.4562 63.3652 59.0346 63.379H18.9423C12.3724 63.379 9.99007 62.6949 7.58823 61.4104C5.1864 60.1259 3.30143 58.2409 2.01691 55.8391L1.94056 55.695C0.717912 53.3643 0.0618076 50.9728 0.0483398 44.6809V18.9057C0.0483398 12.3358 0.732396 9.95345 2.01691 7.55161C3.30143 5.14978 5.1864 3.2648 7.58823 1.98029C9.96605 0.70862 12.3248 0.0254599 18.7464 0.0117188Z" fill="#0218A7"></path>
        <path d="M11.7071 14.481C13.7636 14.481 15.4307 12.8139 15.4307 10.7573C15.4307 8.70083 13.7636 7.03369 11.7071 7.03369C9.65054 7.03369 7.9834 8.70083 7.9834 10.7573C7.9834 12.8139 9.65054 14.481 11.7071 14.481Z" fill="#FF458B"></path>
        <path d="M22.878 14.481C24.9345 14.481 26.6016 12.8139 26.6016 10.7573C26.6016 8.70083 24.9345 7.03369 22.878 7.03369C20.8214 7.03369 19.1543 8.70083 19.1543 10.7573C19.1543 12.8139 20.8214 14.481 22.878 14.481Z" fill="#FFC600"></path>
        <path d="M34.0488 14.481C36.1054 14.481 37.7725 12.8139 37.7725 10.7573C37.7725 8.70083 36.1054 7.03369 34.0488 7.03369C31.9923 7.03369 30.3252 8.70083 30.3252 10.7573C30.3252 12.8139 31.9923 14.481 34.0488 14.481Z" fill="#00E567"></path>
        <path fill-rule="evenodd" clip-rule="evenodd" d="M10.9471 19.5991H41.1489C42.7683 19.5991 44.0843 20.8979 44.1122 22.5107L44.1126 22.5628C44.1126 24.1997 42.7857 25.5266 41.1489 25.5266H10.9471C9.32772 25.5266 8.01167 24.2277 7.98385 22.615L7.9834 22.5628C7.9834 20.926 9.3103 19.5991 10.9471 19.5991Z" fill="#276CFF"></path>
        <path fill-rule="evenodd" clip-rule="evenodd" d="M25.7655 29.9019H32.6808C34.3002 29.9019 35.6163 31.2007 35.6441 32.8134L35.6446 32.8656C35.6446 34.5024 34.3177 35.8293 32.6808 35.8293H25.7655C24.1461 35.8293 22.83 34.5305 22.8022 32.9177L22.8018 32.8656C22.8018 31.2288 24.1287 29.9019 25.7655 29.9019Z" fill="#FF458B"></path>
        <path fill-rule="evenodd" clip-rule="evenodd" d="M43.6888 29.9019H50.6042C52.2236 29.9019 53.5396 31.2007 53.5675 32.8134L53.5679 32.8656C53.5679 34.5024 52.241 35.8293 50.6042 35.8293H43.6888C42.0694 35.8293 40.7534 34.5305 40.7255 32.9177L40.7251 32.8656C40.7251 31.2288 42.052 29.9019 43.6888 29.9019Z" fill="#00E567"></path>
        <path fill-rule="evenodd" clip-rule="evenodd" d="M61.6127 29.9019H68.528C70.1474 29.9019 71.4635 31.2007 71.4913 32.8134L71.4917 32.8656C71.4917 34.5024 70.1648 35.8293 68.528 35.8293H61.6127C59.9932 35.8293 58.6772 34.5305 58.6494 32.9177L58.6489 32.8656C58.6489 31.2288 59.9758 29.9019 61.6127 29.9019Z" fill="#00E567"></path>
        <path fill-rule="evenodd" clip-rule="evenodd" d="M52.0155 19.5991H59.9188C61.5382 19.5991 62.8542 20.8979 62.882 22.5107L62.8825 22.5628C62.8825 24.1997 61.5556 25.5266 59.9188 25.5266H52.0155C50.3961 25.5266 49.08 24.2277 49.0522 22.615L49.0518 22.5628C49.0518 20.926 50.3787 19.5991 52.0155 19.5991Z" fill="#276CFF"></path>
        <path fill-rule="evenodd" clip-rule="evenodd" d="M34.6566 40.2041H50.6043C52.2237 40.2041 53.5397 41.5029 53.5675 43.1157L53.568 43.1678C53.568 44.8046 52.2411 46.1316 50.6043 46.1316H34.6566C33.0372 46.1316 31.7211 44.8327 31.6933 43.22L31.6929 43.1678C31.6929 41.531 33.0198 40.2041 34.6566 40.2041Z" fill="#276CFF"></path>
        <path fill-rule="evenodd" clip-rule="evenodd" d="M34.6566 50.5068H41.1486C42.768 50.5068 44.084 51.8057 44.1118 53.4184L44.1123 53.4706C44.1123 55.1074 42.7854 56.4343 41.1486 56.4343H34.6566C33.0372 56.4343 31.7211 55.1355 31.6933 53.5227L31.6929 53.4706C31.6929 51.8337 33.0198 50.5068 34.6566 50.5068Z" fill="#276CFF"></path>
        <path fill-rule="evenodd" clip-rule="evenodd" d="M52.0155 50.5068H59.9188C61.5382 50.5068 62.8542 51.8057 62.882 53.4184L62.8825 53.4706C62.8825 55.1074 61.5556 56.4343 59.9188 56.4343H52.0155C50.3961 56.4343 49.08 55.1355 49.0522 53.5227L49.0518 53.4706C49.0518 51.8337 50.3787 50.5068 52.0155 50.5068Z" fill="#FF458B"></path>
      </svg>
      <h2 class="overview-container__title">Command line</h2>
      <p class="overview-container__enc">END-TO-END ENCRYPTED</p>
      <p class="overview-container__info">The Uplink CLI is a command-line interface which allows you to upload and download files from the network, manage permissions and sharing.</p>
      <p class="overview-container__encryption-container">The Uplink CLI uses end-to-end encryption for object data, metadata and path data.</p>
      <div class="container" style="width: 100%; height: 64px; border-radius: 62px;"><span class="label">CONTINUE IN CLI</span></div>
    </div>
  </div>
  <div class="overview-area__skip-button">
    Skip and go directly to dashboard
  </div>
</div>
`;
